

  ERC20Token
    Deployment Test
      ✔ Should set the right token name and symbol (218ms)
      ✔ Should assign owner at deployment
      ✔ Should update total supply after deployment
      ✔ Owner should have the total supply after deployment
    Transfer Tests
      ✔ Should revert if sender is address zero (90ms)
      ✔ Should revert if recipient is address zero
      ✔ Should revert if amount zero or less
      ✔ Should revert if sender has insufficient balance
      ✔ Should transfer tokens successfully
      ✔ Should emit Transfer event on successful transfer
    Approve Tests
      1) Should revert if sender is address zero
      ✔ Should revert if spender is address zero
      ✔ Should revert if amount is zero or less
      ✔ Should revert if sender has insufficient balance
      ✔ Should approve tokens successfully
      ✔ Should add to existing allowance when approving again
      ✔ Should emit Approval event on successful approve
    Allowance Tests
      ✔ Should return zero allowance when no approval exists
      ✔ Should return correct allowance after approval
      ✔ Should return updated allowance after multiple approvals
    TransferFrom Tests
      2) Should revert if caller is address zero
      ✔ Should revert if from address is address zero
      ✔ Should revert if recipient is address zero
      ✔ Should revert if amount is zero or less
